// Jest Snapshot v1, https://goo.gl/fbAQLP

exports[`SensorCard tests snapshot test 1`] = `
<div
  className="MuiGrid-root MuiGrid-item MuiGrid-grid-xs-12 MuiGrid-grid-sm-4 MuiGrid-grid-md-4 MuiGrid-grid-lg-4"
>
  <div
    className="MuiPaper-root MuiCard-root MuiPaper-outlined MuiPaper-rounded"
  >
    <div
      className="MuiCardContent-root"
    >
      <h2
        className="MuiTypography-root MuiTypography-h5"
      >
        Temperature
      </h2>
      <h6
        className="MuiTypography-root MuiTypography-h6 MuiTypography-gutterBottom"
      >
        ID: 
        0
      </h6>
      <h6
        className="MuiTypography-root MuiTypography-h6 MuiTypography-gutterBottom"
      >
        Connection Status: 
        Connected
      </h6>
      <h6
        className="MuiTypography-root MuiTypography-h6 MuiTypography-gutterBottom"
      >
        Value(in unit): 
        15.624 Â°C
      </h6>
    </div>
    <div
      className="MuiCardActions-root MuiCardActions-spacing"
    >
      <button
        className="MuiButtonBase-root MuiButton-root MuiButton-contained makeStyles-button-1 MuiButton-containedSecondary MuiButton-containedSizeLarge MuiButton-sizeLarge"
        disabled={false}
        onBlur={[Function]}
        onClick={[Function]}
        onDragLeave={[Function]}
        onFocus={[Function]}
        onKeyDown={[Function]}
        onKeyUp={[Function]}
        onMouseDown={[Function]}
        onMouseLeave={[Function]}
        onMouseUp={[Function]}
        onTouchEnd={[Function]}
        onTouchMove={[Function]}
        onTouchStart={[Function]}
        tabIndex={0}
        type="button"
      >
        <span
          className="MuiButton-label"
        >
          Disconnect
        </span>
      </button>
    </div>
  </div>
</div>
`;
